Started by user admin
[Pipeline] Start of Pipeline
[Pipeline] node
Running on Jenkins in C:\ProgramData\Jenkins\.jenkins\workspace\test3
[Pipeline] {
[Pipeline] withCredentials
Masking supported pattern matches of %DOCKER_COMMON_CREDS% or %DOCKER_COMMON_CREDS_PSW%
[Pipeline] {
[Pipeline] stage
[Pipeline] { (Declarative: Tool Install)
[Pipeline] tool
[Pipeline] envVarsForTool
[Pipeline] tool
[Pipeline] envVarsForTool
[Pipeline] }
[Pipeline] // stage
[Pipeline] withEnv
[Pipeline] {
[Pipeline] stage
[Pipeline] { (Checking java version)
[Pipeline] tool
[Pipeline] envVarsForTool
[Pipeline] tool
[Pipeline] envVarsForTool
[Pipeline] withEnv
[Pipeline] {
[Pipeline] bat

C:\ProgramData\Jenkins\.jenkins\workspace\test3>java -version 
java version "17.0.5" 2022-10-18 LTS
Java(TM) SE Runtime Environment (build 17.0.5+9-LTS-191)
Java HotSpot(TM) 64-Bit Server VM (build 17.0.5+9-LTS-191, mixed mode, sharing)
[Pipeline] echo
This is a minimal pipeline.
[Pipeline] }
[Pipeline] // withEnv
[Pipeline] }
[Pipeline] // stage
[Pipeline] stage
[Pipeline] { (Cloning github repository)
[Pipeline] tool
[Pipeline] envVarsForTool
[Pipeline] tool
[Pipeline] envVarsForTool
[Pipeline] withEnv
[Pipeline] {
[Pipeline] git
The recommended git tool is: NONE
No credentials specified
 > git.exe rev-parse --resolve-git-dir C:\ProgramData\Jenkins\.jenkins\workspace\test3\.git # timeout=10
Fetching changes from the remote Git repository
 > git.exe config remote.origin.url https://github.com/AlbertProfe/libraryH2command.git # timeout=10
Fetching upstream changes from https://github.com/AlbertProfe/libraryH2command.git
 > git.exe --version # timeout=10
 > git --version # 'git version 2.34.0.windows.1'
 > git.exe fetch --tags --force --progress -- https://github.com/AlbertProfe/libraryH2command.git +refs/heads/*:refs/remotes/origin/* # timeout=10
 > git.exe rev-parse "refs/remotes/origin/master^{commit}" # timeout=10
Checking out Revision 25a253aec9e2c1b3e00ae95350bcd37546d1186d (refs/remotes/origin/master)
 > git.exe config core.sparsecheckout # timeout=10
 > git.exe checkout -f 25a253aec9e2c1b3e00ae95350bcd37546d1186d # timeout=10
 > git.exe branch -a -v --no-abbrev # timeout=10
 > git.exe branch -D master # timeout=10
 > git.exe checkout -b master 25a253aec9e2c1b3e00ae95350bcd37546d1186d # timeout=10
Commit message: "first"
 > git.exe rev-list --no-walk 25a253aec9e2c1b3e00ae95350bcd37546d1186d # timeout=10
[Pipeline] }
[Pipeline] // withEnv
[Pipeline] }
[Pipeline] // stage
[Pipeline] stage
[Pipeline] { (maven version)
[Pipeline] tool
[Pipeline] envVarsForTool
[Pipeline] tool
[Pipeline] envVarsForTool
[Pipeline] withEnv
[Pipeline] {
[Pipeline] bat

C:\ProgramData\Jenkins\.jenkins\workspace\test3>mvn -version 
Apache Maven 3.8.6 (84538c9988a25aec085021c365c560670ad80f63)
Maven home: C:\ProgramData\Jenkins\.jenkins\tools\hudson.tasks.Maven_MavenInstallation\mvn-jenkins
Java version: 17.0.5, vendor: Oracle Corporation, runtime: C:\Program Files\Java\jdk-17.0.5
Default locale: ca_ES, platform encoding: Cp1252
OS name: "windows 10", version: "10.0", arch: "amd64", family: "windows"
[Pipeline] }
[Pipeline] // withEnv
[Pipeline] }
[Pipeline] // stage
[Pipeline] stage
[Pipeline] { (build app test)
[Pipeline] tool
[Pipeline] envVarsForTool
[Pipeline] tool
[Pipeline] envVarsForTool
[Pipeline] withEnv
[Pipeline] {
[Pipeline] bat

C:\ProgramData\Jenkins\.jenkins\workspace\test3>mvn clean install -DskipTests=true  
[INFO] Scanning for projects...
[INFO] 
[INFO] ------------------< com.example:myfirstprojectspring >------------------
[INFO] Building myfirstprojectspring 0.0.1-SNAPSHOT
[INFO] --------------------------------[ jar ]---------------------------------
[INFO] 
[INFO] --- maven-clean-plugin:3.1.0:clean (default-clean) @ myfirstprojectspring ---
[INFO] Deleting C:\ProgramData\Jenkins\.jenkins\workspace\test3\target
[INFO] 
[INFO] --- maven-resources-plugin:3.2.0:resources (default-resources) @ myfirstprojectspring ---
[INFO] Using 'UTF-8' encoding to copy filtered resources.
[INFO] Using 'UTF-8' encoding to copy filtered properties files.
[INFO] Copying 1 resource
[INFO] Copying 0 resource
[INFO] 
[INFO] --- maven-compiler-plugin:3.8.1:compile (default-compile) @ myfirstprojectspring ---
[INFO] Changes detected - recompiling the module!
[INFO] Compiling 6 source files to C:\ProgramData\Jenkins\.jenkins\workspace\test3\target\classes
[INFO] 
[INFO] --- maven-resources-plugin:3.2.0:testResources (default-testResources) @ myfirstprojectspring ---
[INFO] Using 'UTF-8' encoding to copy filtered resources.
[INFO] Using 'UTF-8' encoding to copy filtered properties files.
[INFO] skip non existing resourceDirectory C:\ProgramData\Jenkins\.jenkins\workspace\test3\src\test\resources
[INFO] 
[INFO] --- maven-compiler-plugin:3.8.1:testCompile (default-testCompile) @ myfirstprojectspring ---
[INFO] No sources to compile
[INFO] 
[INFO] --- maven-surefire-plugin:2.22.2:test (default-test) @ myfirstprojectspring ---
[INFO] Tests are skipped.
[INFO] 
[INFO] --- maven-jar-plugin:3.2.2:jar (default-jar) @ myfirstprojectspring ---
[INFO] Building jar: C:\ProgramData\Jenkins\.jenkins\workspace\test3\target\myfirstprojectspring-0.0.1-SNAPSHOT.jar
[INFO] 
[INFO] --- spring-boot-maven-plugin:2.6.3:repackage (repackage) @ myfirstprojectspring ---
[INFO] Replacing main artifact with repackaged archive
[INFO] 
[INFO] --- maven-install-plugin:2.5.2:install (default-install) @ myfirstprojectspring ---
[INFO] Installing C:\ProgramData\Jenkins\.jenkins\workspace\test3\target\myfirstprojectspring-0.0.1-SNAPSHOT.jar to C:\WINDOWS\system32\config\systemprofile\.m2\repository\com\example\myfirstprojectspring\0.0.1-SNAPSHOT\myfirstprojectspring-0.0.1-SNAPSHOT.jar
[INFO] Installing C:\ProgramData\Jenkins\.jenkins\workspace\test3\pom.xml to C:\WINDOWS\system32\config\systemprofile\.m2\repository\com\example\myfirstprojectspring\0.0.1-SNAPSHOT\myfirstprojectspring-0.0.1-SNAPSHOT.pom
[INFO] ------------------------------------------------------------------------
[INFO] BUILD SUCCESS
[INFO] ------------------------------------------------------------------------
[INFO] Total time:  2.156 s
[INFO] Finished at: 2022-11-17T11:18:44+01:00
[INFO] ------------------------------------------------------------------------
[Pipeline] }
[Pipeline] // withEnv
[Pipeline] }
[Pipeline] // stage
[Pipeline] stage
[Pipeline] { (docker image build)
[Pipeline] tool
[Pipeline] envVarsForTool
[Pipeline] tool
[Pipeline] envVarsForTool
[Pipeline] withEnv
[Pipeline] {
[Pipeline] bat

C:\ProgramData\Jenkins\.jenkins\workspace\test3>docker build -f Dockerfile.groovy -t albertprofe/libraryh2command . 
#1 [internal] load build definition from Dockerfile.groovy
#1 sha256:9eacdb7ee980a2f3e3ba2a98d603a65f54ac21fb102c7f2b3623fd6a2e3ab3bb
#1 transferring dockerfile: 39B done
#1 DONE 0.0s

#2 [internal] load .dockerignore
#2 sha256:aa2f1c65d05868cd3e4907bb7b35f3a421865db9d81ba951c5154bc72ac3efa4
#2 transferring context: 2B done
#2 DONE 0.0s

#3 [internal] load metadata for docker.io/adoptopenjdk/openjdk11:alpine-jre
#3 sha256:3a7af785de39669c6ea2db8150bdfe4b7e46f7041cce0809619ed6bec003c0a9
#3 DONE 0.7s

#4 [1/2] FROM docker.io/adoptopenjdk/openjdk11:alpine-jre@sha256:f829f93be7762ba6662f7096a542d797091f2030628143080e7429ca7b43009c
#4 sha256:2e85a1218ff5fd13002c3102d740804fecbbf6e87bb9f044d4fda7c54d93afc1
#4 DONE 0.0s

#5 [internal] load build context
#5 sha256:2e181a32718e6f7ef5bee2eeda51a87795577ed95960fb0f30b9453720881f5a
#5 transferring context: 39.71MB 0.2s done
#5 DONE 0.2s

#4 [1/2] FROM docker.io/adoptopenjdk/openjdk11:alpine-jre@sha256:f829f93be7762ba6662f7096a542d797091f2030628143080e7429ca7b43009c
#4 sha256:2e85a1218ff5fd13002c3102d740804fecbbf6e87bb9f044d4fda7c54d93afc1
#4 CACHED

#6 [2/2] COPY target/myfirstprojectspring-0.0.1-SNAPSHOT.jar springbootlibrary.jar
#6 sha256:edb64b4e56d0b26804300958a1716b71919165f464fb874def5c50c23dd274b7
#6 DONE 0.1s

#7 exporting to image
#7 sha256:e8c613e07b0b7ff33893b694f7759a10d42e180f2b4dc349fb57dc6b71dcab00
#7 exporting layers 0.1s done
#7 writing image sha256:65b5402da8d39c8a536a49df2221eb2244237a32e519b71382a1d41aa487f56d done
#7 naming to docker.io/albertprofe/libraryh2command done
#7 DONE 0.2s

Use 'docker scan' to run Snyk tests against images to find vulnerabilities and learn how to fix them
[Pipeline] }
[Pipeline] // withEnv
[Pipeline] }
[Pipeline] // stage
[Pipeline] stage
[Pipeline] { (docker image push to Docker Hub)
[Pipeline] tool
[Pipeline] envVarsForTool
[Pipeline] tool
[Pipeline] envVarsForTool
[Pipeline] withEnv
[Pipeline] {
[Pipeline] bat

C:\ProgramData\Jenkins\.jenkins\workspace\test3>echo albertprofedev 
albertprofedev
[Pipeline] bat

C:\ProgramData\Jenkins\.jenkins\workspace\test3>echo **** 
****
[Pipeline] bat

C:\ProgramData\Jenkins\.jenkins\workspace\test3>docker login -u albertprofedev -p **** 
WARNING! Using --password via the CLI is insecure. Use --password-stdin.
Login Succeeded

Logging in with your password grants your terminal complete access to your account. 
For better security, log in with a limited-privilege personal access token. Learn more at https://docs.docker.com/go/access-tokens/
[Pipeline] bat

C:\ProgramData\Jenkins\.jenkins\workspace\test3>docker push albertprofe/libraryh2command 
Using default tag: latest
The push refers to repository [docker.io/albertprofe/libraryh2command]
c3a6aef03fd8: Preparing
0aa20a85da26: Preparing
b61e498b0317: Preparing
63493a9ab2d4: Preparing
denied: requested access to the resource is denied
[Pipeline] }
[Pipeline] // withEnv
[Pipeline] }
[Pipeline] // stage
[Pipeline] }
[Pipeline] // withEnv
[Pipeline] }
[Pipeline] // withCredentials
[Pipeline] }
[Pipeline] // node
[Pipeline] End of Pipeline
ERROR: script returned exit code 1
Finished: FAILURE
